ALLOC at : 4 (20 byte(s))
ALLOC at : 28 (20 byte(s))
ALLOC at : 52 (10 byte(s))
ALLOC at : 66 (15 byte(s))
ALLOC at : 85 (20 byte(s))
